[kontraktorlantai.co.id/index.html]
[backblue.gif]
[fade.gif]
[index.html]
[kontraktorlantai.co.id/wp-content/cache/min/1/d665609d3d9a659747cab05d7dddf3d6.css]
[kontraktorlantai.co.id/wp-content/uploads/2019/12/LANTAI-TERASO.jpg]
[kontraktorlantai.co.id/wp-content/themes/astra/assets/fonts/astra.woff]
[kontraktorlantai.co.id/feed/index.html]
[kontraktorlantai.co.id/wp-content/uploads/2019/12/header-kontraktor-lantai-.jpg]
[kontraktorlantai.co.id/comments/feed/index.html]
[kontraktorlantai.co.id/wp-content/plugins/wp-rocket/assets/img/youtube.png]
[kontraktorlantai.co.id/wp-includes/js/jquery/jquery.min.js]
[kontraktorlantai.co.id/wp-content/uploads/2019/12/cropped-favicon-32x32.png]
[kontraktorlantai.co.id/wp-content/uploads/2019/12/cropped-favicon-192x192.png]
[kontraktorlantai.co.id/wp-content/uploads/2019/12/cropped-favicon-180x180.png]
[kontraktorlantai.co.id/wp-content/uploads/2019/12/kontraktor-lantai-logo-putih-300x39.png]
[kontraktorlantai.co.id/teraso]
[kontraktorlantai.co.id/pattern-concrete/index.html]
[kontraktorlantai.co.id/kayu-parket]
[kontraktorlantai.co.id/vinyl]
[kontraktorlantai.co.id/karpet]
[kontraktorlantai.co.id/lapangan]
[kontraktorlantai.co.id/kontak-kami]
[kontraktorlantai.co.id/tentang-kami/index.html]
[kontraktorlantai.co.id/kontak-kami/index.html]
[kontraktorlantai.co.id/wp-content/uploads/2019/12/CONCRETE-PATTERN.jpg]
[kontraktorlantai.co.id/pattern-concrete]
[kontraktorlantai.co.id/berita/index.html]
[kontraktorlantai.co.id/wp-content/uploads/2019/12/LANTAI-PARKET-KAYU.jpg]
[kontraktorlantai.co.id/wp-content/uploads/2019/12/LANTAI-VINYL.jpg]
[kontraktorlantai.co.id/wp-content/uploads/2019/12/LANTAI-KARPET.jpg]
[kontraktorlantai.co.id/wp-content/uploads/2019/12/LANTAI-LAPANGAN.jpg]
[kontraktorlantai.co.id/wp-content/uploads/2019/12/GALLERY-1.jpg]
[kontraktorlantai.co.id/proyek/public-space]
[kontraktorlantai.co.id/wp-content/uploads/2019/12/GALLERY-3.jpg]
[kontraktorlantai.co.id/proyek/building]
[kontraktorlantai.co.id/wp-content/uploads/2019/12/GALLERY-2.jpg]
[kontraktorlantai.co.id/proyek/residential]
[kontraktorlantai.co.id/wp-content/plugins/wp-rocket/assets/js/lazyload/11.0.6/lazyload.min.js]
[kontraktorlantai.co.id/wp-content/cache/min/1/aff428ed0cf170f0424ff62065c08d55.js]
[kontraktorlantai.co.id/index.html]
[kontraktorlantai.co.id/cdn-cgi/scripts/7d0fa10a/cloudflare-static/rocket-loader.min.js]
[kontraktorlantai.co.id/wp-content/plugins/easy-table-of-contents/vendor/icomoon/fonts/ez-toc-icomoon.eot]
[kontraktorlantai.co.id/wp-content/plugins/easy-table-of-contents/vendor/icomoon/fonts/ez-toc-icomoond41d.eot]
[kontraktorlantai.co.id/wp-content/plugins/easy-table-of-contents/vendor/icomoon/fonts/ez-toc-icomoon.woff2]
[kontraktorlantai.co.id/wp-content/plugins/easy-table-of-contents/vendor/icomoon/fonts/ez-toc-icomoon.woff]
[kontraktorlantai.co.id/wp-content/plugins/easy-table-of-contents/vendor/icomoon/fonts/ez-toc-icomoon.ttf]
[kontraktorlantai.co.id/wp-content/plugins/easy-table-of-contents/vendor/icomoon/fonts/ez-toc-icomoon.svg]
[kontraktorlantai.co.id/wp-content/plugins/elementor/assets/lib/eicons/fonts/eiconsc2cd.eot]
[kontraktorlantai.co.id/wp-content/plugins/elementor/assets/lib/eicons/fonts/eiconsc2cd.woff2]
[kontraktorlantai.co.id/wp-content/plugins/elementor/assets/lib/eicons/fonts/eiconsc2cd.woff]
[kontraktorlantai.co.id/wp-content/plugins/elementor/assets/lib/eicons/fonts/eiconsc2cd.ttf]
[kontraktorlantai.co.id/wp-content/plugins/elementor/assets/lib/eicons/fonts/eiconsc2cd.svg]
[kontraktorlantai.co.id/wp-content/plugins/elementor/assets/lib/font-awesome/webfonts/fa-brands-400.eot]
[kontraktorlantai.co.id/wp-content/plugins/elementor/assets/lib/font-awesome/webfonts/fa-brands-400d41d.eot]
[kontraktorlantai.co.id/wp-content/plugins/elementor/assets/lib/font-awesome/webfonts/fa-brands-400.woff2]
[kontraktorlantai.co.id/wp-content/plugins/elementor/assets/lib/font-awesome/webfonts/fa-brands-400.woff]
[kontraktorlantai.co.id/wp-content/plugins/elementor/assets/lib/font-awesome/webfonts/fa-brands-400.ttf]
[kontraktorlantai.co.id/wp-content/plugins/elementor/assets/lib/font-awesome/webfonts/fa-brands-400.svg]
[kontraktorlantai.co.id/wp-content/plugins/elementor/assets/lib/font-awesome/webfonts/fa-regular-400.eot]
[kontraktorlantai.co.id/wp-content/plugins/elementor/assets/lib/font-awesome/webfonts/fa-regular-400d41d.eot]
[kontraktorlantai.co.id/wp-content/plugins/elementor/assets/lib/font-awesome/webfonts/fa-regular-400.woff2]
[kontraktorlantai.co.id/wp-content/plugins/elementor/assets/lib/font-awesome/webfonts/fa-regular-400.woff]
[kontraktorlantai.co.id/wp-content/plugins/elementor/assets/lib/font-awesome/webfonts/fa-regular-400.ttf]
[kontraktorlantai.co.id/wp-content/plugins/elementor/assets/lib/font-awesome/webfonts/fa-regular-400.svg]
[kontraktorlantai.co.id/wp-content/plugins/elementor/assets/lib/font-awesome/webfonts/fa-solid-900.eot]
[kontraktorlantai.co.id/wp-content/plugins/elementor/assets/lib/font-awesome/webfonts/fa-solid-900d41d.eot]
[kontraktorlantai.co.id/wp-content/plugins/elementor/assets/lib/font-awesome/webfonts/fa-solid-900.woff2]
[kontraktorlantai.co.id/wp-content/plugins/elementor/assets/lib/font-awesome/webfonts/fa-solid-900.woff]
[kontraktorlantai.co.id/wp-content/plugins/elementor/assets/lib/font-awesome/webfonts/fa-solid-900.ttf]
[kontraktorlantai.co.id/wp-content/cache/min/1/d665609d3d9a659747cab05d7dddf3d6.css]
[kontraktorlantai.co.id/feed/index.html]
[kontraktorlantai.co.id/comments/feed/index.html]
[kontraktorlantai.co.id/pattern-concrete/index.html]
[kontraktorlantai.co.id/teraso.html]
[kontraktorlantai.co.id/kayu-parket.html]
[kontraktorlantai.co.id/vinyl.html]
[kontraktorlantai.co.id/karpet.html]
[kontraktorlantai.co.id/lapangan.html]
[kontraktorlantai.co.id/tentang-kami/index.html]
[kontraktorlantai.co.id/kontak-kami/index.html]
[kontraktorlantai.co.id/berita/index.html]
[kontraktorlantai.co.id/kontak-kami.html]
[kontraktorlantai.co.id/pattern-concrete.html]
[kontraktorlantai.co.id/proyek/public-space.html]
[kontraktorlantai.co.id/proyek/building.html]
[kontraktorlantai.co.id/proyek/residential.html]
[kontraktorlantai.co.id/wp-content/plugins/easy-table-of-contents/vendor/icomoon/fonts/ez-toc-icomoon.svg]
[kontraktorlantai.co.id/wp-content/plugins/elementor/assets/lib/eicons/fonts/eiconsc2cd.svg]
[kontraktorlantai.co.id/wp-content/plugins/elementor/assets/lib/font-awesome/webfonts/fa-brands-400.svg]
[kontraktorlantai.co.id/wp-content/plugins/elementor/assets/lib/font-awesome/webfonts/fa-regular-400.svg]
[kontraktorlantai.co.id/wp-content/plugins/elementor/assets/lib/font-awesome/webfonts/fa-solid-900.svg]
[kontraktorlantai.co.id/wp-content/plugins/elementor/assets/lib/font-awesome/webfonts/fa-solid-900.svg]
